
==========================================================================================
2609.11459
==========================================================================================
GROUNDING ISSUES (5) - likely real, not just reflow noise:
  [prior_approach] NOT grounded (best fuzzy ratio=0.05): "Simulations find the freestanding lattice to be dynamically stable at room temperature [17,23]. A st"
  [causal_claim] NOT grounded (best fuzzy ratio=0.40): "A crystallite on an outer surface of bilayer graphene would be templated by the outermost sheet in b"
  [causal_claim] NOT grounded (best fuzzy ratio=0.39): "In contrast, interfacial adlayers have a pronounced effect on the epitaxial growth... An adlayer tha"
  [mechanism_principle] NOT grounded (best fuzzy ratio=0.06): "First, the formation of γ-CuI would require a three-dimensional nucleus with dangling bonds... Thus,"
  [evidence_result] NOT grounded (best fuzzy ratio=0.37): "An estimate of the formation energies indicates that h-CuI is metastable."
COVERAGE [rejected_alternative]: 3 trigger-phrase sentence(s) in source vs 2 extracted
    candidate: Yet it is locked to G instead of G′.
    candidate: In this cell the h-CuI in-plane lattice constant is 4.107 Å, 2.0% 
below the freestanding value of 4.19 Å, so the layer is compressed rather than stretched; 
th
    candidate: The measured lattice anisotropy of the two annealed, graphene-aligned crystallites, 1.017 ± 
0.004 (Sample 4) and 1.019 ± 0.004 (Sample 5, Table S1), matches th
COVERAGE [prior_limitation]: 0 trigger-phrase sentence(s) in source vs 0 extracted
COVERAGE [contradiction]: 1 trigger-phrase sentence(s) in source vs 1 extracted
    candidate: In contrast, 
interfacial adlayers have a pronounced effect on the epitaxial growth.

==========================================================================================
2609.11571
==========================================================================================
GROUNDING ISSUES (14) - likely real, not just reflow noise:
  [causal_claim] NOT grounded (best fuzzy ratio=0.24): "Surface roughness geometry controls normal-stress distribution, which strongly affects local deposit"
  [causal_claim] NOT grounded (best fuzzy ratio=0.20): "Elongated elliptical roughness enhances Li deposition around the protrusion, whereas deposition stay"
  [causal_claim] NOT grounded (best fuzzy ratio=0.40): "Nonuniform interfacial normal stress causes nonuniform ion deposition/stripping, which is undesirabl"
  [causal_claim] NOT grounded (best fuzzy ratio=0.38): "Nonuniform stress distribution causes nonuniform deposition/stripping around roughness, leading to d"
  [causal_claim] NOT grounded (best fuzzy ratio=0.02): "Persistent small current-density differences can accumulate over cycling into measurable height vari"
  [causal_claim] NOT grounded (best fuzzy ratio=0.35): "Very low stripping once Li is deposited leads to very rapid protrusion growth."
  [causal_claim] NOT grounded (best fuzzy ratio=0.33): "When interfacial resistance decreases, the ratio of iBV/io becomes smaller, leading to significant s"
  [causal_claim] NOT grounded (best fuzzy ratio=0.50): "Low interfacial resistance raises exchange current density, making stress important."
  [causal_claim] NOT grounded (best fuzzy ratio=0.49): "And when the interfacial geometry becomes an elongated ellipse, the average normal current density d"
  [causal_claim] NOT grounded (best fuzzy ratio=0.50): "indicating that the normal stress, exchange current density, and applied current density (~ iBV) all"
  (6 fuzzy-matched spans, treated as OK - PDF reflow, not hallucination)
COVERAGE [rejected_alternative]: 4 trigger-phrase sentence(s) in source vs 2 extracted
    candidate: Therefore, we explicitly model the 
interfacial kinetics through a modified Butler-Volmer equation rather than a phase-field 
formulation.
    candidate: The reported 3 MPa corresponds to the normal compressive stress component rather than the von 
Mises equivalent stress.
    candidate: Therefore, the results should be 
interpreted as indicating a mechanistic tendency toward nonuniform deposition rather than a 
quantitative prediction of growth
    candidate: The 
reported trends and interpretations are based on the overall distributions of stress, overpotential, 
and current density along the interface rather than t
COVERAGE [prior_limitation]: 3 trigger-phrase sentence(s) in source vs 1 extracted
    candidate: Experimental studies have revealed dendrite-induced short circuits in various SE materials [13-
17]; however, they remain limited in capturing dynamic dendrite 
    candidate: However, these variations remain 
small.
    candidate: (2) However, this does not imply that stress is always significant.
COVERAGE [contradiction]: 7 trigger-phrase sentence(s) in source vs 2 extracted
    candidate: In contrast, deposition instabilities become more pronounced with increasing 
applied current density, as the resulting stress is insufficient to redirect Li fl
    candidate: In contrast, the 
magnitude of normal current density at the center of the elongated elliptical roughness (~98.75 
μA/cm²) exceeds that in the region away from 
    candidate: In contrast, the flat elliptical shape (Fig.
    candidate: In contrast, when the exchange current density is very large (100× the experimental value), the 
interfacial resistance is small.
    candidate: In contrast, at very large 
exchange current densities (100× the experimental value), the interfacial resistance is minimal, so 
linearization of Butler-Volmer 

==========================================================================================
2609.11602
==========================================================================================
GROUNDING ISSUES (3) - likely real, not just reflow noise:
  [causal_claim] NOT grounded (best fuzzy ratio=0.58): "These defects have been observed experimentally and are known to alter the electronic, mechanical, a"
  [causal_claim] NOT grounded (best fuzzy ratio=0.50): "Combining our machine learning interatomic potential (MLIP) with multiple-walker well-tempered metad"
  [mechanism_principle] NOT grounded (best fuzzy ratio=0.57): "Under gaseous conditions, where no charge stabilization is possible, dissociation proceeds through a"
COVERAGE [rejected_alternative]: 0 trigger-phrase sentence(s) in source vs 1 extracted
COVERAGE [prior_limitation]: 0 trigger-phrase sentence(s) in source vs 1 extracted
COVERAGE [contradiction]: 1 trigger-phrase sentence(s) in source vs 0 extracted
    candidate: Accord-
ingly, even a simple carbon vacancy gives rise to unexpectedly rich interfacial chemistry,
coupling surface chemistry to interfacial charge and wettabil

==========================================================================================
2609.11640
==========================================================================================
GROUNDING ISSUES (10) - likely real, not just reflow noise:
  [prior_approach] NOT grounded (best fuzzy ratio=0.29): "Laplanche et al. [9] reported scale spallation during isothermal oxidation of the Cantor alloy, mani"
  [causal_claim] NOT grounded (best fuzzy ratio=0.38): "The inversion originates in Term 1: La’s interaction with the Al-dominated oxide (−1.52 eV) exceeds "
  [causal_claim] NOT grounded (best fuzzy ratio=0.52): "This systematic advantage arises primarily from the stronger Cr–O cross-interface bonding (∆H◦= −578"
  [causal_claim] NOT grounded (best fuzzy ratio=0.59): "However, as shown later in this section and in Section 3.5, this system also has the lowest crossove"
  [mechanism_principle] NOT grounded (best fuzzy ratio=0.04): "Adhesion enhancement is governed by RE–O interaction strength at the interface, not just segregation"
  [hypothesis_statement] NOT grounded (best fuzzy ratio=0.47): "This prediction identifies Ni-free chromia-forming HEAs that may require substantially lower RE addi"
  [hypothesis_statement] NOT grounded (best fuzzy ratio=0.04): "To provide a single-metric ranking, we define a dimensionless composite RE effectiveness index that "
  [hypothesis_statement] NOT grounded (best fuzzy ratio=0.40): "This map constitutes, to our knowledge, the first thermodynamic phase diagram for sulfur vulnerabili"
  [evidence_result] NOT grounded (best fuzzy ratio=0.58): "The RE choice produces a uniform vertical shift (∼0.02 J/m2) without altering the contour topology, "
  [constraint] NOT grounded (best fuzzy ratio=0.43): "The Miedema interaction enthalpies are derived from binary systems and applied here under a pairwise"
  (6 fuzzy-matched spans, treated as OK - PDF reflow, not hallucination)
COVERAGE [rejected_alternative]: 5 trigger-phrase sentence(s) in source vs 0 extracted
    candidate: [9] showed that Mn-rich oxides (α-Mn2O3 at 600–800◦C, Mn3O4 at
900◦C) dominate the scale, with an oxidation activation energy of 130 ±
10 kJ/mol controlled by M
    candidate: Since this enters Wsep
as a constant additive offset for all alloys at a given oxide, all inter-alloy
rankings, ∆Wsep enhancements, segregation enthalpies, and 
    candidate: Because the alloy surface energy enters both the numerator of Wsep and
the interfacial energy term with partially canceling contributions, the cross-
interface 
    candidate: Their vacuum-annealing experiment at 1000◦C confirmed that Mn migration
to the surface is oxidation-driven rather than thermally driven; in the absence
of oxyge
    candidate: At 35 at% Al, the al-
loy would likely adopt a BCC or B2 structure rather than the single-phase
FCC that characterizes the Cantor family.
COVERAGE [prior_limitation]: 0 trigger-phrase sentence(s) in source vs 1 extracted
COVERAGE [contradiction]: 0 trigger-phrase sentence(s) in source vs 1 extracted

==========================================================================================
2609.11666
==========================================================================================
GROUNDING ISSUES (3) - likely real, not just reflow noise:
  [causal_claim] NOT grounded (best fuzzy ratio=0.04): "In addition, kernel-based image filtering routines such
as Gaussian blurring can further reduce the "
  [contradiction] NOT grounded (best fuzzy ratio=0.49): "In many images, the intensities of some nitrogen sites sur- rounding boron single vacancies appear c"
  [contradiction] NOT grounded (best fuzzy ratio=0.07): "we find that the defect-size distri- butions are curiously different. In the case of graphene, we pr"
COVERAGE [rejected_alternative]: 2 trigger-phrase sentence(s) in source vs 2 extracted
    candidate: Unlike Si, it is much more difficult to detect carbon-
filled defects (CB and CN) through the CNN-assisted analysis,
due to the similar atomic number of B, C an
    candidate: However,
we cannot unambiguously discern the atomic species of these
higher intensity atoms from the experimental data, as our anal-
ysis methods were optimized
COVERAGE [prior_limitation]: 4 trigger-phrase sentence(s) in source vs 7 extracted
    candidate: However, these predictions have not been
confirmed experimentally.
    candidate: However, it should be noted that exact de-
fect identification using ADF imaging for few- and multilayer
hBN is beyond practical feasibility as intensity differ
    candidate: Achieving cleaner samples beyond this, is
limited by the defects and metal contamination that is most
likely introduced during the growth of the material [34].
    candidate: However, it is also possible that the mean-field de-
scription of Ehrenfest simulations is insufficient to capture the
bond breaking process in hBN under ion ir
COVERAGE [contradiction]: 5 trigger-phrase sentence(s) in source vs 5 extracted
    candidate: Contrary to what analytical potential molecular dynamics simulations have predicted,
we predominantly observe boron single vacancies after ion irradiation, foll
    candidate: An
unexpectedly high intrinsic defect density of 0.14 nm−2 was
reported, using ADF-STEM imaging at 60 kV.
    candidate: We also, unexpectedly, observe a large number of sili-
con atom substitutions in boron sites (SiB) at a density of
0.035 nm−2.
    candidate: Contrary to the
limited number of impurity atom substitutions reported in
Refs.
    candidate: Blue arrows mark areas where the overlay of
defects disagrees with the scattering contrast that is observed in the image due to different reasons.

==========================================================================================
2609.11755
==========================================================================================
GROUNDING ISSUES (7) - likely real, not just reflow noise:
  [causal_claim] NOT grounded (best fuzzy ratio=0.53): "increasing absorber thickness enhances photon absorption and generation of electron–hole pairs, lead"
  [causal_claim] NOT grounded (best fuzzy ratio=0.48): "Consequently, controlling the defect density is critical for achieving high-efficiency devices, as e"
  [mechanism_principle] NOT grounded (best fuzzy ratio=0.16): "As the defect concentration increases, the carrier lifetime decreases, leading to a reduction in the"
  [mechanism_principle] NOT grounded (best fuzzy ratio=0.12): "Further increases in defect density produce little additional variation, indicating that the device "
  [evidence_result] NOT grounded (best fuzzy ratio=0.49): "VOC remains nearly constant for Rshunt above approximately 102 Ω.cm2, indicating that leakage-curren"
  [evidence_result] NOT grounded (best fuzzy ratio=0.40): "Temperature and illumination studies showed the expected thermal degradation of photovoltaic perform"
  [evidence_result] NOT grounded (best fuzzy ratio=0.40): "Temperature and illumination studies showed the expected thermal degradation of photovoltaic perform"
  (1 fuzzy-matched spans, treated as OK - PDF reflow, not hallucination)
COVERAGE [rejected_alternative]: 6 trigger-phrase sentence(s) in source vs 1 extracted
    candidate: Unlike previous reports, this study systematically examines the 
coupled influence of absorber, ETL, and HTL properties together with bulk and interface defects
    candidate: Unlike the other photovoltaic parameters, FF remains nearly unchanged throughout the investigated 
range of defect densities at the CNGS/MoTe2 interface.
    candidate: This behavior suggests that the interface 
defects primarily affect carrier recombination rather than charge transport resistance.
    candidate: Auger recombination exhibits a similar threshold-dependent behavior but is inherently more sensitive 
to carrier concentration because it involves a three-parti
    candidate: However, because recombination processes also increase 
with carrier concentration, the growth of VOC follows a sub-linear, logarithmic trend rather than a 
lin
COVERAGE [prior_limitation]: 1 trigger-phrase sentence(s) in source vs 0 extracted
    candidate: However, this benefit is counteracted by increased 
recombination and reduced diffusion length, which suppresses JSC (Fig.
COVERAGE [contradiction]: 5 trigger-phrase sentence(s) in source vs 0 extracted
    candidate: In contrast, increasing absorber thickness enhances photon
1.149
VOC (V)
(a)
1.4
1.122
CNGS thickness (mm)
1.096
1.2
1.069
1.0
1.043
1.016
0.8
0.989
0.963
0.6
0
    candidate: In contrast, JSC, FF, and PCE remain nearly unchanged only up to a defect density of approximately 
1015 cm-3, after which all three parameters gradually deteri
    candidate: In contrast, the CNGS/MoTe2 interface exhibits significantly greater sensitivity to defect formation.
    candidate: In contrast, shunt resistance is associated 
with parasitic leakage pathways arising from pinholes, grain boundaries, interfacial imperfections, and 
local shor
    candidate: In contrast, VOC remains essentially independent of Rseries 
throughout the investigated range because no net current flows under open-circuit conditions, 
elim

==========================================================================================
2609.11869
==========================================================================================
GROUNDING ISSUES (14) - likely real, not just reflow noise:
  [problem_motivation] NOT grounded (best fuzzy ratio=0.45): "Veile et al.’s line scans resolve full composition-versus-depth profiles that the zero-dimensional f"
  [causal_claim] NOT grounded (best fuzzy ratio=0.47): "At open circuit V and pH are constant over an exposure... so the factor e a3V +c3 pH in Eq. (6) is a"
  [causal_claim] NOT grounded (best fuzzy ratio=0.32): "with no prior to hold it back the degeneracy is now the interior optimum rather than something a pro"
  [mechanism_principle] NOT grounded (best fuzzy ratio=0.42): "both errors scaling with the ratio of transit time to growth timescale as the physics predicts."
  [mechanism_principle] NOT grounded (best fuzzy ratio=0.35): "follows from spinel stoichiometry alone, using the FeCr2O4 assignment [37] ... and therefore validat"
  [mechanism_principle] NOT grounded (best fuzzy ratio=0.60): "the sub-parabolic iron exponent (n ≈0.22) reflects deposition constrained by constant-volume couplin"
  [hypothesis_statement] NOT grounded (best fuzzy ratio=0.47): "the present paper is its first application to real experimental data, and in carrying it we document"
  [evidence_result] NOT grounded (best fuzzy ratio=0.29): "The profile-likelihood interval, not the bootstrap spread, is the honest uncertainty statement for L"
  [evidence_result] NOT grounded (best fuzzy ratio=0.52): "Against the refit it crosses 3σ at 5493 h, peaks at 3.18σ near 12000 h, and falls back through 3σ at"
  [evidence_result] NOT grounded (best fuzzy ratio=0.50): "The verification also establishes a structural identifiability result: the steady nondimensional pro"
  (5 fuzzy-matched spans, treated as OK - PDF reflow, not hallucination)
COVERAGE [rejected_alternative]: 34 trigger-phrase sentence(s) in source vs 8 extracted
    candidate: This paper puts that question to a mechanistic
passive-film model, on a dataset whose sparsity is typical rather than exceptional, and follows the answer throug
    candidate: The identification is the vehicle rather than the destination.
    candidate: We close this gap with tools mature in adjacent
fields [24–26], standard in systems biology [27] and increasingly applied to battery models [28], built directly
    candidate: And solving
Poisson’s equation together with the defect transport, rather than imposing the field, shows that the constant-field
closure on which the PDM’s fiel
    candidate: That is the point of the test case rather than a defect of it: a
framework can be graded only where an exact reference exists, and grading it is the prerequisit
COVERAGE [prior_limitation]: 3 trigger-phrase sentence(s) in source vs 7 extracted
    candidate: Whether they can do so depends on a question asked far less often than the fit is reported: do the calibration data
determine the model’s parameters, or merely 
    candidate: The remaining sections spend the identified kinetics: on a spatial extension that predicts composition with no further
free parameters (Section 3.4), and on the
    candidate: When and why PINNs fail to train: A neural tangent kernel
perspective.
COVERAGE [contradiction]: 1 trigger-phrase sentence(s) in source vs 2 extracted
    candidate: The correct statement is therefore not that the identification disagrees with stoichiometry, but that three exposure times
cannot separate oxide production from
